// Jest Snapshot v1, https://goo.gl/fbAQLP

exports[`<App /> should be render according to the route matches snapshot 1`] = `
<Fragment>
  <Header />
  <Route
    exact={true}
    path="/"
    render={[Function]}
  />
  <Route
    component={[Function]}
    path="/card"
  />
  <Route
    component={[Function]}
    path="/input"
  />
  <Route
    component={[Function]}
    exact={true}
    path="/main"
  />
</Fragment>
`;
